Straggler nodes: []
Execution started at: 2026-03-30 15:30:26.303494
=============== Time 0-1 ===============
Exceeding nodes: []
Participate node: ['node9', 'node0', 'node7', 'node7', 'node3', 'node4', 'node2', 'node2']
------------ Training Step -------------
[ node0 ]
Roation pretext task - Training epoch: 2
Straggler nodes: []
Execution started at: 2026-03-30 15:43:35.821391
=============== Time 0-1 ===============
Exceeding nodes: []
Participate node: ['node9', 'node0', 'node7', 'node7', 'node3', 'node4', 'node2', 'node2']
------------ Training Step -------------
[ node0 ]
Roation pretext task - Training epoch: 2
Avg train loss: 0.01
Accuracy: 42.12
Classification - Training epoch: 3 | Total epoch: 3
Avg train loss: 0.00


[ node2 ]
Roation pretext task - Training epoch: 2
Avg train loss: 0.02
Accuracy: 34.00
Classification - Training epoch: 3 | Total epoch: 3
